// Jest Snapshot v1, https://goo.gl/fbAQLP

exports[`Counter component matches snapshot 1`] = `
<div
  className="align-items-center container d-flex justify-content-center h-100"
>
  <div
    className="card"
  >
    <div
      className="card-header"
    >
      Counting App
    </div>
    <div
      className="card-body d-flex flex-column align-items-center px-5"
    >
      <p
        className="lead"
      >
        Count is currently...
      </p>
      <p
        className="display-1"
      >
        0
      </p>
      <div
        className="column-gap-3 d-flex w-100"
      >
        <button
          className="btn btn-success w-50"
          onClick={[Function]}
          type="button"
        >
          <i
            className="bi bi-dash-circle"
            style={
              {
                "fontSize": "1.5rem",
              }
            }
          />
        </button>
        <button
          className="btn btn-success w-50"
          onClick={[Function]}
          type="button"
        >
          <i
            className="bi bi-plus-circle-fill"
            style={
              {
                "fontSize": "1.5rem",
              }
            }
          />
        </button>
      </div>
      <hr
        className="w-100"
      />
      <div
        className="input-group"
      >
        <input
          className="form-control"
          onChange={[Function]}
          placeholder="Force count to be..."
          type="number"
          value=""
        />
        <button
          className="btn btn-danger"
          disabled={true}
          onClick={[Function]}
          type="button"
        >
          Force!
        </button>
      </div>
      <hr
        className="w-100"
      />
      <button
        className="btn btn-primary w-100"
        onClick={[Function]}
        type="button"
      >
        Reset
      </button>
    </div>
  </div>
</div>
`;
