// Jest Snapshot v1, https://goo.gl/fbAQLP

exports[`Threads renders properly 1`] = `
<ul
  id="threads"
>
  <withRouter(Thread)
    data={
      Object {
        "_id": "5bee2f90c43e83433b5e5d24",
        "comment": "I am the new thread comment.",
        "createdAt": "2018-11-16T02:46:40.301Z",
        "replies": Array [
          Object {
            "_id": "5bee2f90c43e83433b5e5d25",
            "comment": "All your base are belong to us.",
            "createdAt": "2018-11-16T02:46:40.311Z",
            "type": "Reply",
          },
        ],
        "subject": "New Thread",
        "type": "Thread",
      }
    }
  />
  <hr />
  <withRouter(Thread)
    data={
      Object {
        "_id": "5bee445ec43e83433b5e5d36",
        "comment": "I'm the thread comment.",
        "createdAt": "2018-11-16T04:15:26.796Z",
        "replies": Array [],
        "type": "Thread",
      }
    }
    key="5bee445ec43e83433b5e5d36"
  />
</ul>
`;
