// Jest Snapshot v1, https://goo.gl/fbAQLP

exports[`App component matches diff snapshot transitioning from loading render to complete render 1`] = `
"Snapshot Diff:
- First value
+ Second value

@@ -5,15 +5,50 @@
      >
        *chan
      </h1>
    </header>
    <hr />
-   <div
-     class="loading"
+   <main>
+     <section
+       class="post-form"
+     >
+       <span
+         class="post-form__txt"
+       >
+         [
+         <button
+           class="post-form__btn"
+         >
+           Start a New Thread
+         </button>
+         ]
+       </span>
+       <noscript />
+     </section>
+     <hr />
+     <p>
+       Currently no threads exist. Why don't you create the first one?
+     </p>
+   </main>
+   <nav>
+     <ol
+       class="page-select"
+       data-testid="page-select"
+     >
+       <li
+         class="page-select__page page-select__page--active"
+       >
+         [
+         <a
+           href="/"
          >
-     Loading...
-   </div>
+           1
+         </a>
+         ]
+       </li>
+     </ol>
+   </nav>
    <footer
      class="footer"
      id="bottom"
    >
      <p>"
`;

exports[`App component matches snapshot for basic render 1`] = `
<DocumentFragment>
  <header>
    <h1
      id="title"
    >
      *chan
    </h1>
  </header>
  <hr />
  <div
    class="loading"
  >
    Loading...
  </div>
  <footer
    class="footer"
    id="bottom"
  >
    <p>
      *chan (pronounced as starchan) is a 
      <a
        href="https://en.wikipedia.org/wiki/Textboard"
      >
        textboard
      </a>
       that demonstrates one of 
      <a
        href="#"
      >
        Lean JS App Starter's full-stack project setups
      </a>
      . It showcases an Express server that acts as a REST API and a React server-side renderer. These work in tandem with a React frontend.
    </p>
    <nav>
      <ul
        class="footer__links"
      >
        <li>
          <a
            href="#"
          >
            About
          </a>
        </li>
        <li>
          <a
            href="#"
          >
            *chan GitHub
          </a>
        </li>
        <li>
          <a
            href="https://github.com/mattlean/lean-js-app-starter"
          >
            Lean JavaScript Application Starter
          </a>
        </li>
      </ul>
    </nav>
  </footer>
</DocumentFragment>
`;
