// Jest Snapshot v1, https://goo.gl/fbAQLP

exports[`NewThreadForm renders properly 1`] = `
Array [
  <span
    className="center"
  >
    [
    <a
      href="#"
      onClick={[Function]}
    >
      Start a New Thread
    </a>
    ]
  </span>,
  <noscript>
    <form
      action="/api/thread"
      className="center"
      id="new-form"
      method="post"
    >
      <table>
        <tbody>
          <tr>
            <th>
              <label
                htmlFor="subject"
              >
                Subject
              </label>
            </th>
            <td>
              <input
                id="subject"
                name="subject"
                type="text"
              />
            </td>
          </tr>
          <tr>
            <th>
              <label
                htmlFor="comment"
              >
                Comment
              </label>
            </th>
            <td>
              <textarea
                id="comment"
                name="comment"
                required={true}
              />
            </td>
          </tr>
          <tr>
            <td
              colSpan="2"
            >
              <button
                type="submit"
              >
                Post
              </button>
            </td>
          </tr>
        </tbody>
      </table>
    </form>
  </noscript>,
]
`;
