// Jest Snapshot v1, https://goo.gl/fbAQLP

exports[`TodoList renders properly 1`] = `
<ul>
  <Todo
    completed={true}
    id="24236ed7-e956-4cad-90e9-65469c554fc0"
    key="24236ed7-e956-4cad-90e9-65469c554fc0"
    text="hey"
  />
  <Todo
    completed={true}
    id="3df29b26-8f55-4722-abbd-428a3b3d3306"
    key="3df29b26-8f55-4722-abbd-428a3b3d3306"
    text="ho"
  />
  <Todo
    completed={false}
    id="afe441fd-b058-4eef-be6c-867f9956eba3"
    key="afe441fd-b058-4eef-be6c-867f9956eba3"
    text="let us go"
  />
</ul>
`;
