// Jest Snapshot v1, https://goo.gl/fbAQLP

exports[`Home renders properly 1`] = `
<Page>
  <div
    id="logos"
  >
    <img
      alt="React"
      src="test-file-stub"
      title="React"
    />
    <img
      alt="Redux"
      src="test-file-stub"
      title="Redux"
    />
    <img
      alt="React Router"
      src="test-file-stub"
      title="React Router"
    />
    <img
      alt="Flow"
      src="test-file-stub"
      title="Flow"
    />
    <img
      alt="Jest"
      src="test-file-stub"
      title="Jest"
    />
    <img
      alt="Sass"
      src="test-file-stub"
      title="Sass"
    />
  </div>
  <p>
    Edit files in 
    <code>
      src/
    </code>
     to get started!
  </p>
</Page>
`;
