// Jest Snapshot v1, https://goo.gl/fbAQLP

exports[`returns "Hello World!" when request is sent to / 1`] = `
"<!doctype html>
<html>
    <head>
        <meta charset="utf-8" />
        <title>ljas-react-express-mongo-ssr-ts</title>
        <meta name="viewport" content="width=device-width,initial-scale=1" />
    <script defer src="/app.js"></script></head>
    <body>
        <div id="root"><div>Hello World!</div></div>
    </body>
</html>
"
`;
