// Jest Snapshot v1, https://goo.gl/fbAQLP

exports[`ThreadPage renders properly 1`] = `
<Fragment>
  <Nav
    mode="top"
  />
  <Loading />
  <Nav
    mode="bottom"
  />
</Fragment>
`;

exports[`ThreadPage renders properly when loaded 1`] = `
<Fragment>
  <Nav
    mode="top"
  />
  <Threads
    threads={
      Array [
        Object {
          "_id": "5bee2f90c43e83433b5e5d24",
          "comment": "I am the new thread comment.",
          "createdAt": "2018-11-16T02:46:40.301Z",
          "replies": Array [
            Object {
              "_id": "5bee2f90c43e83433b5e5d25",
              "comment": "All your base are belong to us.",
              "createdAt": "2018-11-16T02:46:40.311Z",
              "type": "Reply",
            },
          ],
          "subject": "New Thread",
          "type": "Thread",
        },
      ]
    }
  />
  <Nav
    mode="bottom"
  />
</Fragment>
`;

exports[`ThreadPage renders properly when loading 1`] = `
<Fragment>
  <Nav
    mode="top"
  />
  <Loading />
  <Nav
    mode="bottom"
  />
</Fragment>
`;
