// Jest Snapshot v1, https://goo.gl/fbAQLP

exports[`Nav renders properly 1`] = `
<nav
  id="nav"
>
  <Link
    replace={false}
    to="/"
  >
    Home
  </Link>
  <span>
    ·
  </span>
  <Link
    replace={false}
    to="/counter"
  >
    Counter Example
  </Link>
  <span>
    ·
  </span>
  <a
    href="#"
  >
    Docs
  </a>
  <span>
    ·
  </span>
  <a
    href="https://github.com/IsaacLean/lean-js-app-starter"
  >
    GitHub
  </a>
</nav>
`;
