// Jest Snapshot v1, https://goo.gl/fbAQLP

exports[`Thread renders properly 1`] = `
<li
  className="thread"
>
  <header>
    <strong>
      New Thread
       
       
    </strong>
    <b
      className="name"
    >
      Anonymous
    </b>
     
    11/15/18(Thu)18:15:30
     Id.
    5bee2f90c43e83433b5e5d24
     
    [
    <a
      href="#/5bee2f90c43e83433b5e5d24"
      onClick={[Function]}
    >
      Reply
    </a>
    ]
  </header>
  <pre
    className="comment"
  >
    I am the new thread comment.
  </pre>
  <ul>
    <li
      className="reply"
    >
      <div>
        <header>
          <b
            className="name"
          >
            Anonymous
          </b>
           
          11/15/18(Thu)18:15:31
           Id.
          5bee2f90c43e83433b5e5d25
        </header>
        <pre
          className="comment"
        >
          All your base are belong to us.
        </pre>
      </div>
    </li>
  </ul>
</li>
`;
